exports[`FlashStateValue should render 1`] = `undefined`;
