exports[`ResizeDivider should render 1`] = `undefined`;
