exports[`StatePane should render 1`] = `undefined`;
